// Jest Snapshot v1, https://goo.gl/fbAQLP

exports[`renders correctly 1`] = `
<div>
  <h1>
    NOT FOUND
  </h1>
  <p>
    You just hit a route that doesn't exist...
  </p>
</div>
`;
