// Jest Snapshot v1, https://goo.gl/fbAQLP

exports[`renders correctly 1`] = `
<div>
  <div>
    <h1>
      Edmonton Vietnamese
    </h1>
    <h1>
      Alliance Church
    </h1>
    <h2>
      English Ministries
    </h2>
  </div>
</div>
`;
